{
  "frame_ids": [
    "before",
    0,
    16,
    32,
    48,
    64,
    80,
    96,
    112,
    128,
    144,
    160,
    "after"
  ],
  "features": [
    {
      "name": "pointerOffset",
      "type": "offset",
      "data_points": [
        "unspecified",
        "unspecified",
        "unspecified",
        {
          "x": 375,
          "y": 224.66016
        },
        {
          "x": 375,
          "y": 344.5
        },
        {
          "x": 375,
          "y": 344.5
        },
        {
          "x": 375,
          "y": 471.83008
        },
        {
          "x": 375,
          "y": 471.83008
        },
        {
          "x": 375,
          "y": 599.16016
        },
        {
          "x": 375,
          "y": 719
        },
        {
          "x": 375,
          "y": 719
        },
        "unspecified",
        "unspecified"
      ]
    }
  ]
}