{
  "frame_ids": [
    "before",
    0,
    16,
    32,
    48,
    64,
    80,
    96,
    112,
    128,
    144,
    160,
    176,
    192,
    208,
    224,
    240,
    256,
    272,
    288,
    304,
    "after"
  ],
  "features": [
    {
      "name": "pointerOffset",
      "type": "offset",
      "data_points": [
        "unspecified",
        "unspecified",
        {
          "x": 375,
          "y": 44.90039
        },
        {
          "x": 375,
          "y": 82.350586
        },
        {
          "x": 375,
          "y": 119.799805
        },
        {
          "x": 375,
          "y": 157.25
        },
        {
          "x": 375,
          "y": 194.7002
        },
        {
          "x": 375,
          "y": 232.15039
        },
        {
          "x": 375,
          "y": 269.6006
        },
        {
          "x": 375,
          "y": 307.0498
        },
        {
          "x": 375,
          "y": 344.5
        },
        {
          "x": 375,
          "y": 381.9502
        },
        {
          "x": 375,
          "y": 419.4004
        },
        {
          "x": 375,
          "y": 456.8506
        },
        {
          "x": 375,
          "y": 494.2998
        },
        {
          "x": 375,
          "y": 531.75
        },
        {
          "x": 375,
          "y": 569.2002
        },
        {
          "x": 375,
          "y": 606.6504
        },
        {
          "x": 375,
          "y": 644.1006
        },
        {
          "x": 375,
          "y": 681.5498
        },
        {
          "x": 375,
          "y": 719
        },
        "unspecified"
      ]
    }
  ]
}