{
  "frame_ids": [
    "before",
    0,
    16,
    32,
    48,
    64,
    80,
    96,
    112,
    128,
    144,
    160,
    176,
    192,
    208,
    224,
    240,
    "after"
  ],
  "features": [
    {
      "name": "position",
      "type": "dpOffset",
      "data_points": [
        {
          "x": 0,
          "y": 0
        },
        {
          "x": 0,
          "y": 0
        },
        {
          "x": 0,
          "y": 0
        },
        {
          "x": 11.6,
          "y": 0
        },
        {
          "x": 31.6,
          "y": 0
        },
        {
          "x": 50,
          "y": 0
        },
        {
          "x": 63.6,
          "y": 0
        },
        {
          "x": 73.2,
          "y": 0
        },
        {
          "x": 79.6,
          "y": 0
        },
        {
          "x": 83.6,
          "y": 0
        },
        {
          "x": 86.4,
          "y": 0
        },
        {
          "x": 87.6,
          "y": 0
        },
        {
          "x": 88.8,
          "y": 0
        },
        {
          "x": 89.2,
          "y": 0
        },
        {
          "x": 89.6,
          "y": 0
        },
        {
          "x": 89.6,
          "y": 0
        },
        {
          "x": 90,
          "y": 0
        },
        {
          "x": 90,
          "y": 0
        }
      ]
    }
  ]
}