{
  "frame_ids": [
    "before",
    0,
    16,
    32,
    48,
    64,
    80,
    96,
    112,
    128,
    144,
    160,
    176,
    192,
    208,
    224,
    240,
    256,
    272,
    288,
    304,
    320,
    336,
    352,
    368,
    384,
    "after"
  ],
  "features": [
    {
      "name": "size",
      "type": "dpSize",
      "data_points": [
        {
          "width": 10,
          "height": 10
        },
        {
          "width": 10,
          "height": 10
        },
        {
          "width": 10,
          "height": 10
        },
        {
          "width": 13.2,
          "height": 10
        },
        {
          "width": 20.8,
          "height": 10
        },
        {
          "width": 30,
          "height": 10
        },
        {
          "width": 39.2,
          "height": 10
        },
        {
          "width": 48,
          "height": 10
        },
        {
          "width": 55.6,
          "height": 10
        },
        {
          "width": 62.4,
          "height": 10
        },
        {
          "width": 68,
          "height": 10
        },
        {
          "width": 72.4,
          "height": 10
        },
        {
          "width": 76.4,
          "height": 10
        },
        {
          "width": 79.2,
          "height": 10
        },
        {
          "width": 81.6,
          "height": 10
        },
        {
          "width": 83.6,
          "height": 10
        },
        {
          "width": 85.2,
          "height": 10
        },
        {
          "width": 86,
          "height": 10
        },
        {
          "width": 87.2,
          "height": 10
        },
        {
          "width": 87.6,
          "height": 10
        },
        {
          "width": 88.4,
          "height": 10
        },
        {
          "width": 88.8,
          "height": 10
        },
        {
          "width": 89.2,
          "height": 10
        },
        {
          "width": 89.2,
          "height": 10
        },
        {
          "width": 89.6,
          "height": 10
        },
        {
          "width": 89.6,
          "height": 10
        },
        {
          "width": 90,
          "height": 10
        }
      ]
    }
  ]
}