{
  "frame_ids": [
    "before",
    0,
    32,
    48,
    64,
    80,
    96,
    112,
    128,
    144,
    160,
    176,
    192,
    208,
    224,
    240,
    256,
    272,
    288,
    304,
    336,
    352,
    368,
    384,
    400,
    416,
    432,
    448,
    464,
    480,
    496,
    512,
    528,
    544,
    560,
    576,
    592,
    608,
    "after"
  ],
  "features": [
    {
      "name": "size",
      "type": "dpSize",
      "data_points": [
        {
          "width": 20,
          "height": 20
        },
        {
          "width": 20,
          "height": 20
        },
        {
          "width": 20,
          "height": 20
        },
        {
          "width": 20,
          "height": 20
        },
        {
          "width": 20,
          "height": 20
        },
        {
          "width": 22.4,
          "height": 20
        },
        {
          "width": 27.2,
          "height": 20
        },
        {
          "width": 31.2,
          "height": 20
        },
        {
          "width": 34,
          "height": 20
        },
        {
          "width": 36.4,
          "height": 20
        },
        {
          "width": 37.6,
          "height": 20
        },
        {
          "width": 38.8,
          "height": 20
        },
        {
          "width": 39.2,
          "height": 20
        },
        {
          "width": 39.6,
          "height": 20
        },
        {
          "width": 39.6,
          "height": 20
        },
        {
          "width": 40,
          "height": 20
        },
        {
          "width": 40,
          "height": 20
        },
        {
          "width": 40,
          "height": 20
        },
        {
          "width": 40,
          "height": 20
        },
        {
          "width": 40,
          "height": 20
        },
        {
          "width": 40,
          "height": 20
        },
        {
          "width": 40,
          "height": 20
        },
        {
          "width": 40,
          "height": 20
        },
        {
          "width": 42.4,
          "height": 20
        },
        {
          "width": 47.2,
          "height": 20
        },
        {
          "width": 51.2,
          "height": 20
        },
        {
          "width": 54,
          "height": 20
        },
        {
          "width": 56.4,
          "height": 20
        },
        {
          "width": 57.6,
          "height": 20
        },
        {
          "width": 58.8,
          "height": 20
        },
        {
          "width": 59.2,
          "height": 20
        },
        {
          "width": 59.6,
          "height": 20
        },
        {
          "width": 59.6,
          "height": 20
        },
        {
          "width": 60,
          "height": 20
        },
        {
          "width": 60,
          "height": 20
        },
        {
          "width": 60,
          "height": 20
        },
        {
          "width": 60,
          "height": 20
        },
        {
          "width": 60,
          "height": 20
        },
        {
          "width": 60,
          "height": 20
        }
      ]
    }
  ]
}